[backblue.gif]
[fade.gif]
[index.html]
[www.southern-comfort-carriage.com/scripts/global.js]
[www.southern-comfort-carriage.com/images/nav/home_over.jpg]
[www.southern-comfort-carriage.com/images/nav/about_over.jpg]
[www.southern-comfort-carriage.com/images/nav/rates_over.jpg]
[www.southern-comfort-carriage.com/images/nav/events_over.jpg]
[www.southern-comfort-carriage.com/images/nav/horses_over.jpg]
[www.southern-comfort-carriage.com/images/nav/contact_over.jpg]
[www.southern-comfort-carriage.com/images/nav/photos_over.jpg]
[www.southern-comfort-carriage.com/images/background.gif]
[www.southern-comfort-carriage.com/images/title.gif]
[www.southern-comfort-carriage.com/images/nav/navtop.jpg]
[www.southern-comfort-carriage.com/images/nav/home.jpg]
[www.southern-comfort-carriage.com/images/nav/about.jpg]
[www.southern-comfort-carriage.com/images/nav/rates.jpg]
[www.southern-comfort-carriage.com/images/nav/events.jpg]
[www.southern-comfort-carriage.com/images/nav/horses.jpg]
[www.southern-comfort-carriage.com/images/nav/contact.jpg]
[www.southern-comfort-carriage.com/images/nav/photos.jpg]
[www.southern-comfort-carriage.com/images/nav/navbutt.jpg]
[www.southern-comfort-carriage.com/images/headings/welcome.gif]
[www.southern-comfort-carriage.com/images/wood.gif]
[www.southern-comfort-carriage.com/images/logo.gif]
[www.southern-comfort-carriage.com/index.html]
[www.southern-comfort-carriage.com/styles/global.css]
[www.southern-comfort-carriage.com/index-2.html]
[www.southern-comfort-carriage.com/images/headings/about.gif]
[www.southern-comfort-carriage.com/images/spacer.gif]
[www.southern-comfort-carriage.com/about.html]
[www.southern-comfort-carriage.com/images/headings/rates.gif]
[www.southern-comfort-carriage.com/rates.html]
[www.southern-comfort-carriage.com/images/headings/events.gif]
[www.southern-comfort-carriage.com/events.html]
[www.southern-comfort-carriage.com/images/headings/horses.gif]
[www.southern-comfort-carriage.com/horses.html]
[www.southern-comfort-carriage.com/images/headings/contact.gif]
[www.southern-comfort-carriage.com/contact.html]
[www.southern-comfort-carriage.com/images/headings/photos.gif]
[www.southern-comfort-carriage.com/photos.html]
[www.southern-comfort-carriage.com/admin/index.html]
[www.southern-comfort-carriage.com/credits.html]
[www.southern-comfort-carriage.com/thankyou.html]
[www.southern-comfort-carriage.com/gallery/templates/default/images/shadow-tabl.gif]
[www.southern-comfort-carriage.com/gallery/templates/default/images/shadow-tabr.gif]
[www.southern-comfort-carriage.com/gallery/templates/default/images/blank.gif]
[www.southern-comfort-carriage.com/gallery/templates/default/images/slide-tl.gif]
[www.southern-comfort-carriage.com/gallery/templates/default/images/slide-tr.gif]
[www.southern-comfort-carriage.com/gallery/thumb7927.jpg]
[www.southern-comfort-carriage.com/gallery/templates/default/images/slide-bl.gif]
[www.southern-comfort-carriage.com/gallery/templates/default/images/slide-br.gif]
[www.southern-comfort-carriage.com/gallery/thumbb6bd.jpg]
[www.southern-comfort-carriage.com/gallery/thumbbcda.jpg]
[www.southern-comfort-carriage.com/gallery/thumb6cf3.jpg]
[www.southern-comfort-carriage.com/gallery/thumb3818.jpg]
[www.southern-comfort-carriage.com/gallery/thumb65ac.jpg]
[www.southern-comfort-carriage.com/gallery/thumb5fc3.jpg]
[www.southern-comfort-carriage.com/gallery/thumba038.jpg]
[www.southern-comfort-carriage.com/gallery/thumbce6e.jpg]
[www.southern-comfort-carriage.com/gallery/thumbbf47.jpg]
[www.southern-comfort-carriage.com/gallery/thumb8ee8.jpg]
[www.southern-comfort-carriage.com/gallery/thumbdf8c.jpg]
[www.southern-comfort-carriage.com/gallery/index.html]
[www.southern-comfort-carriage.com/gallery/templates/default/images/shadow-tl.gif]
[www.southern-comfort-carriage.com/gallery/templates/default/images/shadow-tm.gif]
[www.southern-comfort-carriage.com/gallery/templates/default/images/shadow-tr.gif]
[www.southern-comfort-carriage.com/gallery/templates/default/images/shadow-ml.gif]
[www.southern-comfort-carriage.com/gallery/templates/default/images/shadow-mr.gif]
[www.southern-comfort-carriage.com/gallery/templates/default/images/shadow-bl.gif]
[www.southern-comfort-carriage.com/gallery/templates/default/images/shadow-bm.gif]
[www.southern-comfort-carriage.com/gallery/templates/default/images/shadow-br.gif]
[www.southern-comfort-carriage.com/gallery/templates/default/main.css]
[www.southern-comfort-carriage.com/gallery/indexd7d3.html]
[www.southern-comfort-carriage.com/gallery/thumb35f3.jpg]
[www.southern-comfort-carriage.com/gallery/thumbc67b.jpg]
[www.southern-comfort-carriage.com/gallery/thumb2ae4.jpg]
[www.southern-comfort-carriage.com/gallery/galleries/carriage01.jpg]
[www.southern-comfort-carriage.com/gallery/indexfd71.html]
[www.southern-comfort-carriage.com/gallery/thumb7f30.jpg]
[www.southern-comfort-carriage.com/gallery/index01c5.html]
[www.southern-comfort-carriage.com/gallery/galleries/scan01.jpg]
[www.southern-comfort-carriage.com/gallery/thumb1c20.jpg]
[www.southern-comfort-carriage.com/gallery/indexdee2.html]
[www.southern-comfort-carriage.com/gallery/galleries/scan02.jpg]
[www.southern-comfort-carriage.com/gallery/thumbf956.jpg]
[www.southern-comfort-carriage.com/gallery/galleries/scan03.jpg]
[www.southern-comfort-carriage.com/gallery/index4b09.html]
[www.southern-comfort-carriage.com/gallery/thumba631.jpg]
[www.southern-comfort-carriage.com/gallery/index5548.html]
[www.southern-comfort-carriage.com/gallery/galleries/scan04.jpg]
[www.southern-comfort-carriage.com/gallery/thumbeec4.jpg]
[www.southern-comfort-carriage.com/gallery/galleries/scan05.jpg]
[www.southern-comfort-carriage.com/gallery/indexcf1b.html]
[www.southern-comfort-carriage.com/gallery/thumb48c3.jpg]
[www.southern-comfort-carriage.com/gallery/galleries/scan06.jpg]
[www.southern-comfort-carriage.com/gallery/indexf0c9.html]
[www.southern-comfort-carriage.com/gallery/thumbfeae.jpg]
[www.southern-comfort-carriage.com/gallery/galleries/scan07.jpg]
[www.southern-comfort-carriage.com/gallery/index2eb6.html]
[www.southern-comfort-carriage.com/gallery/thumbcc6a.jpg]
[www.southern-comfort-carriage.com/gallery/galleries/scan08.jpg]
[www.southern-comfort-carriage.com/gallery/indexad7d.html]
[www.southern-comfort-carriage.com/gallery/thumbb0d5.jpg]
[www.southern-comfort-carriage.com/gallery/galleries/scan09.jpg]
[www.southern-comfort-carriage.com/gallery/index7810.html]
[www.southern-comfort-carriage.com/gallery/galleries/scan10.jpg]
[www.southern-comfort-carriage.com/gallery/index21fc.html]
[www.southern-comfort-carriage.com/gallery/galleries/scan11.jpg]
[www.southern-comfort-carriage.com/gallery/indexe593.html]
